scenario: digest
profile: discord
report:
  rung digest.item1=choices.buttons
  rung digest.item2=choices.buttons
  rung digest.item3=choices.buttons
  rung digest.item4=choices.buttons
  rung digest.item5=choices.buttons
  rung digest.item6=choices.buttons
  rung digest.item7=choices.buttons
  rung digest.item8=choices.buttons
  rung digest.item9=choices.buttons
  rung visibility=visibility.persistent
  splitInto=2 paged=true
  warnings: -
op 1: SEND chat=discord:dm:owner sendKey=digest:1:p1 replyTo=-
  flags ephemeral=false silent=false suppressPreview=false deleteAfter=-
  chunk 1 (116 chars):
  ---
  While I was away, 9 doses passed without a reminder.
  
  Dose 1
  
  Dose 2
  
  Dose 3
  
  Dose 4
  
  Dose 5
  
  Dose 6
  
  Dose 7
  
  Dose 8
  ---
  controls[0] buttons:
    row 1: [1] Taken -> dc:EQAAAQAAAAAAAAAAAAAAAAAAAAEAAAAAAADhqt33pLNyDw (Success) [2] Snooze 10m -> dc:EQAAAgAAAAAAAAAAAAAAAAAAAAEAAAAAAApIAwSC23WNpw (Secondary) [3] Skip -> dc:EQAAAwAAAAAAAAAAAAAAAAAAAAEAAAAAAAB_EClsxmFWWA (Secondary)
  controls[1] buttons:
    row 1: [4] Taken -> dc:EQAAAQAAAAAAAAAAAAAAAAAAAAIAAAAAAAChtl0l7Khdpg (Success) [5] Snooze 10m -> dc:EQAAAgAAAAAAAAAAAAAAAAAAAAIAAAAAAAr5c6LomH8MmQ (Secondary) [6] Skip -> dc:EQAAAwAAAAAAAAAAAAAAAAAAAAIAAAAAAAAT48h8oH75vw (Secondary)
  controls[2] buttons:
    row 1: [7] Taken -> dc:EQAAAQAAAAAAAAAAAAAAAAAAAAMAAAAAAADitT7zkP1PcA (Success) [8] Snooze 10m -> dc:EQAAAgAAAAAAAAAAAAAAAAAAAAMAAAAAAApD_RH8GlLQLQ (Secondary) [9] Skip -> dc:EQAAAwAAAAAAAAAAAAAAAAAAAAMAAAAAAADsdoTBvvpYnA (Secondary)
  controls[3] buttons:
    row 1: [10] Taken -> dc:EQAAAQAAAAAAAAAAAAAAAAAAAAQAAAAAAADpMR4_MzmxRQ (Success) [11] Snooze 10m -> dc:EQAAAgAAAAAAAAAAAAAAAAAAAAQAAAAAAAqVCOn14RcbHQ (Secondary) [12] Skip -> dc:EQAAAwAAAAAAAAAAAAAAAAAAAAQAAAAAAABwYIoOmQLL3Q (Secondary)
  controls[4] buttons:
    row 1: [13] Taken -> dc:EQAAAQAAAAAAAAAAAAAAAAAAAAUAAAAAAAAZwvA5GV7ivA (Success) [14] Snooze 10m -> dc:EQAAAgAAAAAAAAAAAAAAAAAAAAUAAAAAAAqq7NRLI1q_hA (Secondary) [15] Skip -> dc:EQAAAwAAAAAAAAAAAAAAAAAAAAUAAAAAAACYgtZJHLdNsg (Secondary)
  controls[5] buttons:
    row 1: [16] Taken -> dc:EQAAAQAAAAAAAAAAAAAAAAAAAAYAAAAAAACLIj54jVBmyg (Success) [17] Snooze 10m -> dc:EQAAAgAAAAAAAAAAAAAAAAAAAAYAAAAAAArsf7v3AEbRHA (Secondary) [18] Skip -> dc:EQAAAwAAAAAAAAAAAAAAAAAAAAYAAAAAAABIi5Lrv_8u4g (Secondary)
  controls[6] buttons:
    row 1: [19] Taken -> dc:EQAAAQAAAAAAAAAAAAAAAAAAAAcAAAAAAADQXb5wh9WFjg (Success) [20] Snooze 10m -> dc:EQAAAgAAAAAAAAAAAAAAAAAAAAcAAAAAAAqboSe6gnV2HQ (Secondary) [21] Skip -> dc:EQAAAwAAAAAAAAAAAAAAAAAAAAcAAAAAAABx4c0NAjPgPg (Secondary)
  controls[7] buttons:
    row 1: [22] Taken -> dc:EQAAAQAAAAAAAAAAAAAAAAAAAAgAAAAAAACkGn6qu2oxOA (Success) [23] Snooze 10m -> dc:EQAAAgAAAAAAAAAAAAAAAAAAAAgAAAAAAArQd1FcCEk2bg (Secondary) [24] Skip -> dc:EQAAAwAAAAAAAAAAAAAAAAAAAAgAAAAAAACYn75qD-8QsQ (Secondary)
  choiceMap:
    digest.item1 1 Taken emoji=- -> dc:EQAAAQAAAAAAAAAAAAAAAAAAAAEAAAAAAADhqt33pLNyDw
    digest.item1 2 Snooze 10m emoji=- -> dc:EQAAAgAAAAAAAAAAAAAAAAAAAAEAAAAAAApIAwSC23WNpw
    digest.item1 3 Skip emoji=- -> dc:EQAAAwAAAAAAAAAAAAAAAAAAAAEAAAAAAAB_EClsxmFWWA
    digest.item2 4 Taken emoji=- -> dc:EQAAAQAAAAAAAAAAAAAAAAAAAAIAAAAAAAChtl0l7Khdpg
    digest.item2 5 Snooze 10m emoji=- -> dc:EQAAAgAAAAAAAAAAAAAAAAAAAAIAAAAAAAr5c6LomH8MmQ
    digest.item2 6 Skip emoji=- -> dc:EQAAAwAAAAAAAAAAAAAAAAAAAAIAAAAAAAAT48h8oH75vw
    digest.item3 7 Taken emoji=- -> dc:EQAAAQAAAAAAAAAAAAAAAAAAAAMAAAAAAADitT7zkP1PcA
    digest.item3 8 Snooze 10m emoji=- -> dc:EQAAAgAAAAAAAAAAAAAAAAAAAAMAAAAAAApD_RH8GlLQLQ
    digest.item3 9 Skip emoji=- -> dc:EQAAAwAAAAAAAAAAAAAAAAAAAAMAAAAAAADsdoTBvvpYnA
    digest.item4 10 Taken emoji=- -> dc:EQAAAQAAAAAAAAAAAAAAAAAAAAQAAAAAAADpMR4_MzmxRQ
    digest.item4 11 Snooze 10m emoji=- -> dc:EQAAAgAAAAAAAAAAAAAAAAAAAAQAAAAAAAqVCOn14RcbHQ
    digest.item4 12 Skip emoji=- -> dc:EQAAAwAAAAAAAAAAAAAAAAAAAAQAAAAAAABwYIoOmQLL3Q
    digest.item5 13 Taken emoji=- -> dc:EQAAAQAAAAAAAAAAAAAAAAAAAAUAAAAAAAAZwvA5GV7ivA
    digest.item5 14 Snooze 10m emoji=- -> dc:EQAAAgAAAAAAAAAAAAAAAAAAAAUAAAAAAAqq7NRLI1q_hA
    digest.item5 15 Skip emoji=- -> dc:EQAAAwAAAAAAAAAAAAAAAAAAAAUAAAAAAACYgtZJHLdNsg
    digest.item6 16 Taken emoji=- -> dc:EQAAAQAAAAAAAAAAAAAAAAAAAAYAAAAAAACLIj54jVBmyg
    digest.item6 17 Snooze 10m emoji=- -> dc:EQAAAgAAAAAAAAAAAAAAAAAAAAYAAAAAAArsf7v3AEbRHA
    digest.item6 18 Skip emoji=- -> dc:EQAAAwAAAAAAAAAAAAAAAAAAAAYAAAAAAABIi5Lrv_8u4g
    digest.item7 19 Taken emoji=- -> dc:EQAAAQAAAAAAAAAAAAAAAAAAAAcAAAAAAADQXb5wh9WFjg
    digest.item7 20 Snooze 10m emoji=- -> dc:EQAAAgAAAAAAAAAAAAAAAAAAAAcAAAAAAAqboSe6gnV2HQ
    digest.item7 21 Skip emoji=- -> dc:EQAAAwAAAAAAAAAAAAAAAAAAAAcAAAAAAABx4c0NAjPgPg
    digest.item8 22 Taken emoji=- -> dc:EQAAAQAAAAAAAAAAAAAAAAAAAAgAAAAAAACkGn6qu2oxOA
    digest.item8 23 Snooze 10m emoji=- -> dc:EQAAAgAAAAAAAAAAAAAAAAAAAAgAAAAAAArQd1FcCEk2bg
    digest.item8 24 Skip emoji=- -> dc:EQAAAwAAAAAAAAAAAAAAAAAAAAgAAAAAAACYn75qD-8QsQ
op 2: SEND chat=discord:dm:owner sendKey=digest:1:p2 replyTo=-
  flags ephemeral=false silent=false suppressPreview=false deleteAfter=-
  chunk 1 (19 chars):
  ---
  Page 2 of 2
  
  Dose 9
  ---
  controls[0] buttons:
    row 1: [25] Taken -> dc:EQAAAQAAAAAAAAAAAAAAAAAAAAkAAAAAAABk0qIqXhxI3A (Success) [26] Snooze 10m -> dc:EQAAAgAAAAAAAAAAAAAAAAAAAAkAAAAAAAp3h_dFoe-PoA (Secondary) [27] Skip -> dc:EQAAAwAAAAAAAAAAAAAAAAAAAAkAAAAAAADsViJdEdyppw (Secondary)
  choiceMap:
    digest.item9 25 Taken emoji=- -> dc:EQAAAQAAAAAAAAAAAAAAAAAAAAkAAAAAAABk0qIqXhxI3A
    digest.item9 26 Snooze 10m emoji=- -> dc:EQAAAgAAAAAAAAAAAAAAAAAAAAkAAAAAAAp3h_dFoe-PoA
    digest.item9 27 Skip emoji=- -> dc:EQAAAwAAAAAAAAAAAAAAAAAAAAkAAAAAAADsViJdEdyppw
